../Core/Src/main.c:82:6:printFirstRow	16	static
../Core/Src/main.c:91:6:printSecondRow	16	static
../Core/Src/main.c:120:6:fnd_display	32	static
../Core/Src/main.c:184:8:display_temperature	40	static
../Core/Src/main.c:226:5:main	24	static
../Core/Src/main.c:314:6:SystemClock_Config	88	static
../Core/Src/main.c:362:13:MX_I2C1_Init	8	static
../Core/Src/main.c:396:13:MX_USART2_UART_Init	8	static
../Core/Src/main.c:429:13:MX_GPIO_Init	48	static
../Core/Src/main.c:501:6:StartDefaultTask	16	static
../Core/Src/main.c:531:6:StartTask02	24	static
../Core/Src/main.c:575:6:HAL_TIM_PeriodElapsedCallback	16	static
../Core/Src/main.c:592:6:Error_Handler	4	static,ignoring_inline_asm
