../Core/Src/ILI9225.c:30:6:HSPI_WRITE	16	static
../Core/Src/ILI9225.c:37:6:_writeCommand16	16	static
../Core/Src/ILI9225.c:51:6:_writeData16	16	static
../Core/Src/ILI9225.c:64:13:_writeRegister	16	static
../Core/Src/ILI9225.c:71:1:tft_fn	16	static
../Core/Src/ILI9225.c:78:6:startWrite	4	static
../Core/Src/ILI9225.c:79:6:endWrite	4	static
../Core/Src/ILI9225.c:84:6:setBacklight	16	static
../Core/Src/ILI9225.c:88:6:setOrientation	16	static
../Core/Src/ILI9225.c:112:6:setBackgroundColor	16	static
../Core/Src/ILI9225.c:116:9:getOrientation	4	static
../Core/Src/ILI9225.c:122:6:_setWindow	32	static
../Core/Src/ILI9225.c:133:6:_swap	24	static
../Core/Src/ILI9225.c:139:6:_orientCoordinates	16	static
../Core/Src/ILI9225.c:159:6:__setWindow	24	static
../Core/Src/ILI9225.c:214:6:_resetWindow	8	static
../Core/Src/ILI9225.c:221:6:fillRectangle	32	static
../Core/Src/ILI9225.c:232:6:clear	24	static
../Core/Src/ILI9225.c:240:6:fill	32	static
../Core/Src/ILI9225.c:248:7:tft_init	16	static
