../Core/Src/tftlcd.c:135:22:getLargeFont	24	static
../Core/Src/tftlcd.c:148:6:HSPI_WRITE	16	static
../Core/Src/tftlcd.c:154:6:_writeCommand16	16	static
../Core/Src/tftlcd.c:162:6:_writeData16	16	static
../Core/Src/tftlcd.c:170:13:_writeRegister	16	static
../Core/Src/tftlcd.c:174:6:swap_char	24	static
../Core/Src/tftlcd.c:181:1:tft_fn	16	static
../Core/Src/tftlcd.c:187:6:drawPixel	16	static
../Core/Src/tftlcd.c:201:6:draw_string	40	static
../Core/Src/tftlcd.c:217:6:draw_char	48	static
../Core/Src/tftlcd.c:242:6:startWrite	4	static
../Core/Src/tftlcd.c:243:6:endWrite	4	static
../Core/Src/tftlcd.c:248:6:setBacklight	16	static
../Core/Src/tftlcd.c:252:6:setOrientation	16	static
../Core/Src/tftlcd.c:276:6:setBackgroundColor	16	static
../Core/Src/tftlcd.c:280:9:getOrientation	4	static
../Core/Src/tftlcd.c:286:6:_setWindow	32	static
../Core/Src/tftlcd.c:297:6:_swap	24	static
../Core/Src/tftlcd.c:303:6:_orientCoordinates	16	static
../Core/Src/tftlcd.c:323:6:__setWindow	24	static
../Core/Src/tftlcd.c:378:6:_resetWindow	8	static
../Core/Src/tftlcd.c:385:6:fillRectangle	32	static
../Core/Src/tftlcd.c:396:6:clear	24	static
../Core/Src/tftlcd.c:404:6:fill	32	static
../Core/Src/tftlcd.c:412:13:tft_init	8	static
